// Jest Snapshot v1, https://goo.gl/fbAQLP

exports[`The EmailMVTPixel stack matches the snapshot 1`] = `Object {}`;
